// Jest Snapshot v1, https://goo.gl/fbAQLP

exports[`renders correctly 1`] = `
<section
  className="game game--genre"
>
  <header
    className="game__header"
  >
    <a
      className="game__back"
      href="#"
    >
      <span
        className="visually-hidden"
      >
        Сыграть ещё раз
      </span>
      <img
        alt="Угадай мелодию"
        className="game__logo"
        src="img/melody-logo-ginger.png"
      />
    </a>
    <div
      className="timer__value"
      xmlns="http://www.w3.org/1999/xhtml"
    >
      <span
        className="timer__mins"
      >
        05
      </span>
      <span
        className="timer__dots"
      >
        :
      </span>
      <span
        className="timer__secs"
      >
        00
      </span>
    </div>
    <div
      className="game__mistakes"
    >
      <div
        className="wrong"
      />
      <div
        className="wrong"
      />
      <div
        className="wrong"
      />
    </div>
  </header>
  <section
    className="game__screen"
  >
    <h2
      className="game__title"
    >
      Выберите жанр кантри
    </h2>
    <form
      className="game__tracks"
      onSubmit={[Function]}
    >
      <div
        className="track"
      >
        <button
          className="track__button track__button--play"
          onClick={[Function]}
          type="button"
        />
        <div
          className="track__status"
        >
          <audio
            src="https://es31-server.appspot.com/guess-melody/static/music/Addis_Ababa.mp3"
          />
        </div>
        <div
          className="game__answer"
        >
          <input
            className="game__input visually-hidden"
            id="answer-1"
            name="answer-1"
            type="checkbox"
            value="answer-1"
          />
          <label
            className="game__check"
            htmlFor="answer-1"
          >
            Отметить
          </label>
        </div>
      </div>
      <div
        className="track"
      >
        <button
          className="track__button track__button--play"
          onClick={[Function]}
          type="button"
        />
        <div
          className="track__status"
        >
          <audio
            src="https://es31-server.appspot.com/guess-melody/static/music/Azure.mp3"
          />
        </div>
        <div
          className="game__answer"
        >
          <input
            className="game__input visually-hidden"
            id="answer-2"
            name="answer-2"
            type="checkbox"
            value="answer-2"
          />
          <label
            className="game__check"
            htmlFor="answer-2"
          >
            Отметить
          </label>
        </div>
      </div>
      <div
        className="track"
      >
        <button
          className="track__button track__button--play"
          onClick={[Function]}
          type="button"
        />
        <div
          className="track__status"
        >
          <audio
            src="https://es31-server.appspot.com/guess-melody/static/music/Whaling_City.mp3"
          />
        </div>
        <div
          className="game__answer"
        >
          <input
            className="game__input visually-hidden"
            id="answer-3"
            name="answer-3"
            type="checkbox"
            value="answer-3"
          />
          <label
            className="game__check"
            htmlFor="answer-3"
          >
            Отметить
          </label>
        </div>
      </div>
      <div
        className="track"
      >
        <button
          className="track__button track__button--play"
          onClick={[Function]}
          type="button"
        />
        <div
          className="track__status"
        >
          <audio
            src="https://es31-server.appspot.com/guess-melody/static/music/Skanada.mp3"
          />
        </div>
        <div
          className="game__answer"
        >
          <input
            className="game__input visually-hidden"
            id="answer-4"
            name="answer-4"
            type="checkbox"
            value="answer-4"
          />
          <label
            className="game__check"
            htmlFor="answer-4"
          >
            Отметить
          </label>
        </div>
      </div>
      <button
        className="game__submit button"
        type="submit"
      >
        Ответить
      </button>
    </form>
  </section>
</section>
`;
